main() started, about to create MainLoop
MainLoop created, about to call engine.Init()
DEBUG: MainLoop::Init() STARTED
.\star-engine.exe : DEBUG: MainLoop::Init() STARTED (cerr)
At line:1 char:1
+ .\star-engine.exe > test_output.txt 2>&1; Start-Sleep -Seconds 5; if 
 ...
+ ~~~~~~~~~~~~~~~~~~~~~~~~~~~~~~~~~~~~~~~~
    + CategoryInfo          : NotSpecified: (DEBUG: MainLoop::Init() S 
   TARTED (cerr):String) [], RemoteException
    + FullyQualifiedErrorId : NativeCommandError
 
=== Viewport3D::Init() ENTRY ===
Viewport3D::Init() starting
USE_GLFW is defined, attempting GLFW initialization
Checking XInput preload...
XInput not yet preloaded, skipping preload to avoid crash...
Windows detected, SKIPPING XInput1_4.dll load...
Setting xinputPreloaded = true
xinputPreloaded set to true
Viewport3D: About to install error callback
Viewport3D: Installing GLFW error callback
Viewport3D: Error callback installed
Viewport3D: Calling glfwInit()
Viewport3D: About to call glfwInit() - RIGHT BEFORE
Viewport3D: Calling glfwInit()...
